OK  pas de défilement horizontal (menu) [360,360]
OK  cibles >= 44px (menu) []
OK  entrée « Nouvelle partie » 
OK  entrée « Créer / modifier un deck » 
OK  entrée « Mes decks » 
OK  entrée « Mes parties » 
OK  entrée « Aide » 
OK  Replays masqué (viewer absent du build) 
OK  pas de défilement horizontal (aide) [360,360]
OK  pas de défilement horizontal (parties) [360,360]
OK  pas de défilement horizontal (setup) [360,360]
OK  pas de défilement horizontal (table) [360,360]
OK  coups joués (parcours 1) 45 coups, tour 13
OK  pas de défilement horizontal (table milieu) [360,360]
OK  reprise de la partie 
OK  pas de défilement horizontal (éditeur) [360,360]
OK  deck enregistré 
OK  pas de défilement horizontal (mes decks) [360,360]
OK  cibles >= 44px (mes decks) []
OK  deck présélectionné 
OK  coups joués (parcours 2) 26 coups, tour 9, noms ["LeBlanc","LeBlanc (IA)"]
OK  pas de défilement horizontal (parties après) [360,360]
OK  aucune erreur JS []